+ pip install --no-cache-dir --target=/opt/brainwatch/site-packages /opt/brainwatch/wheels/brainwatch_big_data-0.2.0-py3-none-any.whl
Processing /opt/brainwatch/wheels/brainwatch_big_data-0.2.0-py3-none-any.whl
Collecting pyyaml>=6.0
  Downloading pyyaml-6.0.3-cp310-cp310-manylinux2014_x86_64.manylinux_2_17_x86_64.manylinux_2_28_x86_64.whl (770 kB)
     ━━━━━━━━━━━━━━━━━━━━━━━━━━━━━━━━━━━━━━ 770.3/770.3 KB 12.3 MB/s eta 0:00:00
Collecting boto3>=1.34
  Downloading boto3-1.43.11-py3-none-any.whl (140 kB)
     ━━━━━━━━━━━━━━━━━━━━━━━━━━━━━━━━━━━━━ 140.5/140.5 KB 247.4 MB/s eta 0:00:00
Collecting jmespath<2.0.0,>=0.7.1
  Downloading jmespath-1.1.0-py3-none-any.whl (20 kB)
Collecting botocore<1.44.0,>=1.43.11
  Downloading botocore-1.43.11-py3-none-any.whl (15.0 MB)
     ━━━━━━━━━━━━━━━━━━━━━━━━━━━━━━━━━━━━━━━ 15.0/15.0 MB 267.9 MB/s eta 0:00:00
Collecting s3transfer<0.18.0,>=0.17.0
  Downloading s3transfer-0.17.0-py3-none-any.whl (86 kB)
     ━━━━━━━━━━━━━━━━━━━━━━━━━━━━━━━━━━━━━━━ 86.8/86.8 KB 248.5 MB/s eta 0:00:00
Collecting python-dateutil<3.0.0,>=2.1
  Downloading python_dateutil-2.9.0.post0-py2.py3-none-any.whl (229 kB)
     ━━━━━━━━━━━━━━━━━━━━━━━━━━━━━━━━━━━━━ 229.9/229.9 KB 332.8 MB/s eta 0:00:00
Collecting urllib3!=2.2.0,<3,>=1.25.4
  Downloading urllib3-2.7.0-py3-none-any.whl (131 kB)
     ━━━━━━━━━━━━━━━━━━━━━━━━━━━━━━━━━━━━━━ 131.1/131.1 KB 88.4 MB/s eta 0:00:00
Collecting six>=1.5
  Downloading six-1.17.0-py2.py3-none-any.whl (11 kB)
Installing collected packages: urllib3, six, pyyaml, jmespath, python-dateutil, botocore, s3transfer, boto3, brainwatch-big-data
Successfully installed boto3-1.43.11 botocore-1.43.11 brainwatch-big-data-0.2.0 jmespath-1.1.0 python-dateutil-2.9.0.post0 pyyaml-6.0.3 s3transfer-0.17.0 six-1.17.0 urllib3-2.7.0
+ export PYTHONPATH=/opt/brainwatch/site-packages:
+ PYTHONPATH=/opt/brainwatch/site-packages:
+ cd /opt/brainwatch
+ /opt/spark/bin/spark-submit --master 'local[*]' --driver-memory 8g --conf spark.driver.maxResultSize=2g --conf spark.sql.shuffle.partitions=64 --conf spark.sql.autoBroadcastJoinThreshold=52428800 --conf spark.sql.adaptive.enabled=true scripts/run_batch.py --bronze /data/lake/bronze --silver /data/lake/silver --gold /data/lake/gold --master 'local[*]' --driver-memory 8g --shuffle-partitions 64
26/05/20 17:08:13 INFO SparkContext: Running Spark version 3.5.5
26/05/20 17:08:13 INFO SparkContext: OS info Linux, 5.10.245-245.983.amzn2.x86_64, amd64
26/05/20 17:08:13 INFO SparkContext: Java version 17.0.15
26/05/20 17:08:13 WARN NativeCodeLoader: Unable to load native-hadoop library for your platform... using builtin-java classes where applicable
26/05/20 17:08:13 INFO ResourceUtils: ==============================================================
26/05/20 17:08:13 INFO ResourceUtils: No custom resources configured for spark.driver.
26/05/20 17:08:13 INFO ResourceUtils: ==============================================================
26/05/20 17:08:13 INFO SparkContext: Submitted application: brainwatch-batch
26/05/20 17:08:13 INFO ResourceProfile: Default ResourceProfile created, executor resources: Map(cores -> name: cores, amount: 1, script: , vendor: , memory -> name: memory, amount: 1024, script: , vendor: , offHeap -> name: offHeap, amount: 0, script: , vendor: ), task resources: Map(cpus -> name: cpus, amount: 1.0)
26/05/20 17:08:13 INFO ResourceProfile: Limiting resource is cpu
26/05/20 17:08:13 INFO ResourceProfileManager: Added ResourceProfile id: 0
26/05/20 17:08:13 INFO SecurityManager: Changing view acls to: spark
26/05/20 17:08:13 INFO SecurityManager: Changing modify acls to: spark
26/05/20 17:08:13 INFO SecurityManager: Changing view acls groups to: 
26/05/20 17:08:13 INFO SecurityManager: Changing modify acls groups to: 
26/05/20 17:08:13 INFO SecurityManager: SecurityManager: authentication disabled; ui acls disabled; users with view permissions: spark; groups with view permissions: EMPTY; users with modify permissions: spark; groups with modify permissions: EMPTY
26/05/20 17:08:14 INFO Utils: Successfully started service 'sparkDriver' on port 40161.
26/05/20 17:08:14 INFO SparkEnv: Registering MapOutputTracker
26/05/20 17:08:14 INFO SparkEnv: Registering BlockManagerMaster
26/05/20 17:08:14 INFO BlockManagerMasterEndpoint: Using org.apache.spark.storage.DefaultTopologyMapper for getting topology information
26/05/20 17:08:14 INFO BlockManagerMasterEndpoint: BlockManagerMasterEndpoint up
26/05/20 17:08:14 INFO SparkEnv: Registering BlockManagerMasterHeartbeat
26/05/20 17:08:14 INFO DiskBlockManager: Created local directory at /tmp/blockmgr-0ecec5f7-5e68-4a97-a5b2-f81ed0644033
26/05/20 17:08:14 INFO MemoryStore: MemoryStore started with capacity 5.4 GiB
26/05/20 17:08:14 INFO SparkEnv: Registering OutputCommitCoordinator
26/05/20 17:08:14 INFO JettyUtils: Start Jetty 0.0.0.0:4040 for SparkUI
26/05/20 17:08:14 INFO Utils: Successfully started service 'SparkUI' on port 4040.
26/05/20 17:08:15 INFO Executor: Starting executor ID driver on host brainwatch-batch-bootstrap-qvnrj
26/05/20 17:08:15 INFO Executor: OS info Linux, 5.10.245-245.983.amzn2.x86_64, amd64
26/05/20 17:08:15 INFO Executor: Java version 17.0.15
26/05/20 17:08:15 INFO Executor: Starting executor with user classpath (userClassPathFirst = false): ''
26/05/20 17:08:15 INFO Executor: Created or updated repl class loader org.apache.spark.util.MutableURLClassLoader@476a62d7 for default.
26/05/20 17:08:15 INFO Utils: Successfully started service 'org.apache.spark.network.netty.NettyBlockTransferService' on port 46553.
26/05/20 17:08:15 INFO NettyBlockTransferService: Server created on brainwatch-batch-bootstrap-qvnrj:46553
26/05/20 17:08:15 INFO BlockManager: Using org.apache.spark.storage.RandomBlockReplicationPolicy for block replication policy
26/05/20 17:08:15 INFO BlockManagerMaster: Registering BlockManager BlockManagerId(driver, brainwatch-batch-bootstrap-qvnrj, 46553, None)
26/05/20 17:08:15 INFO BlockManagerMasterEndpoint: Registering block manager brainwatch-batch-bootstrap-qvnrj:46553 with 5.4 GiB RAM, BlockManagerId(driver, brainwatch-batch-bootstrap-qvnrj, 46553, None)
26/05/20 17:08:15 INFO BlockManagerMaster: Registered BlockManager BlockManagerId(driver, brainwatch-batch-bootstrap-qvnrj, 46553, None)
26/05/20 17:08:15 INFO BlockManager: Initialized BlockManager: BlockManagerId(driver, brainwatch-batch-bootstrap-qvnrj, 46553, None)
[batch] silver/eeg from /data/lake/bronze → /data/lake/silver
[batch] silver/ehr from /data/lake/bronze → /data/lake/silver
[batch] silver/_dim/patient
[batch] gold/patient_features from /data/lake/silver → /data/lake/gold
[batch] done in 424.2s
